This is LuaTeX, Version 1.14.0 (TeX Live 2022/dev/Debian)  (format=dvilualatex 2024.6.21)  26 NOV 2025 20:25
 restricted system commands enabled.
**/usr/xtmp/mth45/Documents/programmable_biology_group/cope/EditFlows/flow_matc
hing/editflows/flow_matching/loss/reparam_loss.tex

(/usr/xtmp/mth45/Documents/programmable_biology_group/cope/EditFlows/flow_match
ing/editflows/flow_matching/loss/reparam_loss.tex
LaTeX2e <2021-11-15> patch level 1
Lua module: luaotfload 2021-05-21 3.18 Lua based OpenType font support
Lua module: lualibs 2021-05-20 2.74 ConTeXt Lua standard libraries.
Lua module: lualibs-extended 2021-05-20 2.74 ConTeXt Lua libraries -- extended c
ollection.
luaotfload | conf : Root cache directory is "/home/users/mth45/.texlive2021/texm
f-var/luatex-cache/generic/names".
luaotfload | init : Loading fontloader "fontloader-2021-05-20.lua" from kpse-res
olved path "/usr/share/texlive/texmf-dist/tex/luatex/luaotfload/fontloader-2021-
05-20.lua".
Lua-only attribute luaotfload@noligature = 1
Lua-only attribute luaotfload@syllabe = 2
luaotfload | init : Context OpenType loader version 3.116
Inserting `luaotfload.node_processor' at position 1 in `pre_linebreak_filter'.
Inserting `luaotfload.node_processor' at position 1 in `hpack_filter'.
Inserting `luaotfload.glyph_stream' at position 1 in `glyph_stream_provider'.
Inserting `luaotfload.define_font' at position 1 in `define_font'.
Lua-only attribute luaotfload_color_attribute = 3
luaotfload | conf : Root cache directory is "/home/users/mth45/.texlive2021/texm
f-var/luatex-cache/generic/names".
Lua-only attribute luaotfload.letterspace_done = 4
Inserting `luaotfload.aux.set_sscale_dimens' at position 1 in `luaotfload.patch_
font'.
Inserting `luaotfload.aux.set_font_index' at position 2 in `luaotfload.patch_fon
t'.
Inserting `luaotfload.aux.patch_cambria_domh' at position 3 in `luaotfload.patch
_font'.
Inserting `luaotfload.aux.fixup_fontdata' at position 1 in `luaotfload.patch_fon
t_unsafe'.
Inserting `luaotfload.aux.set_capheight' at position 4 in `luaotfload.patch_font
'.
Inserting `luaotfload.aux.set_xheight' at position 5 in `luaotfload.patch_font'.
Inserting `luaotfload.rewrite_fontname' at position 6 in `luaotfload.patch_font'
. L3 programming layer <2022-01-21>
Inserting `tracingstacklevels' at position 1 in `input_level_string'.

! LaTeX Error: Missing \begin{document}.

See the LaTeX manual or LaTeX Companion for explanation.
Type  H <return>  for immediate help.
 ...                                              
                                                  
l.1 o
   riginal loss formulation:

Here is how much of LuaTeX's memory you used:
 21 strings out of 477800
 100000,383344 words of node,token memory allocated
 333 words of node memory still in use:
   2 hlist, 1 local_par, 1 dir, 1 glue, 3 kern, 1 glyph, 3 attribute, 39 glue_sp
ec, 3 attribute_list, 1 temp nodes
   avail lists: 2:5,3:3,4:1,5:1,7:1
 20835 multiletter control sequences out of 65536+600000
 14 fonts using 591679 bytes
 13i,0n,12p,176b,15s stack positions out of 5000i,500n,10000p,200000b,80000s
!  ==> Fatal error occurred, bad output DVI file produced!
No pages of output.

